// Garages
{x: 274.167, y: -344.255} blips/garage.png Garage A
{x: 66.501, y: 13.464} blips/garage.png Garage B
{x: -282.145, y: -774.224} blips/garage.png Garage C
{x: -75.020, y: -2004.079} blips/garage.png Garage D
{x: 1037.723, y: -764.004} blips/garage.png Garage E
{x: 363.877, y: 298.088} blips/garage.png Garage F
{x: -2029.582, y: -464.123} blips/garage.png Garage G
{x: 1737.600, y: 3710.031} blips/garage.png Garage H
{x: -150.949, y: 6350.954} blips/garage.png Garage I
{x: 5087, y: -5696} blips/garage.png Garage J
{x: 4500, y: -4550} blips/garage.png Garage K

// Ammu Nation
{x: 843.402, y: -1034.044} blips/ammu_nation.png Ammu Nation 1
{x: -663.284, y: -934.919} blips/ammu_nation.png Ammu Nation 2
{x: -1305.112, y: -393.402} blips/ammu_nation.png Ammu Nation 3
{x: 252.963, y: -49.200} blips/ammu_nation.png Ammu Nation 4
{x: -1118.901, y: 2698.141} blips/ammu_nation.png Ammu Nation 5
{x: 1692.514, y: 3759.349} blips/ammu_nation.png Ammu Nation 6
{x: -331.451, y: 6083.354} blips/ammu_nation.png Ammu Nation 7
{x: 811.213, y: -2157.771} blips/ammu_nation_range.png Ammu Nation with Range 1
{x: 21.204, y: -1106.360} blips/ammu_nation_range.png Ammu Nation with Range 2

// Clothing Stores
{x: 75.851, y: -1392.936} blips/clothing.png Clothing Store 1
{x: -822.198, y: -1074.092} blips/clothing.png Clothing Store 2
{x: 424.932, y: -806.281} blips/clothing.png Clothing Store 3
{x: -1193.459, y: -768.831} blips/clothing.png Clothing Store 4
{x: -162.936, y: -303.125} blips/clothing.png Clothing Store 5
{x: -1450.589, y: -237.468} blips/clothing.png Clothing Store 6/7
{x: 125.684, y: -222.910} blips/clothing.png Clothing Store 8
{x: -3170.453, y: 1044.633} blips/clothing.png Clothing Store 9
{x: -1101.231, y: 2710.431} blips/clothing.png Clothing Store 10
{x: 614.730, y: 2762.018} blips/clothing.png Clothing Store 11
{x: 1196.677, y: 2709.534} blips/clothing.png Clothing Store 12
{x: 1693.569, y: 4822.879} blips/clothing.png Clothing Store 13
{x: 4.549, y: 6512.729} blips/clothing.png Clothing Store 14
{x: -710.360, y: -153.363} blips/clothing.png Clothing Store 15

// Banks
{x: 149.736, y: -1040.730} blips/bank.png Bank 1
{x: -1212.752, y: -330.884} blips/bank.png Bank 2
{x: 314.110, y: -278.901} blips/bank.png Bank 3
{x: 1175.037, y: 2706.804} blips/bank.png Bank 4
{x: -2962.576, y: 482.954} blips/bank.png Bank 5
{x: -113.077, y: 6470.189} blips/bank.png Bank 6
{x: -351.033, y: -49.978} blips/bank.png Bank 7

// Barbershops
{x: 137.037, y: -1707.956} blips/barbershop.png Barbershop 1
{x: -1282.892, y: -1117.200} blips/barbershop.png Barbershop 2
{x: 1212.224, y: -472.840} blips/barbershop.png Barbershop 3
{x: -813.455, y: -183.811} blips/barbershop.png Barbershop 4
{x: -33.099, y: -152.347} blips/barbershop.png Barbershop 5
{x: 1931.987, y: 3730.338} blips/barbershop.png Barbershop 6
{x: -278.242, y: 6228.053} blips/barbershop.png Barbershop 7

// Grocery Stores
{x: -48.330, y: -1757.960} blips/grocery.png Grocery Store 1
{x: 25.635, y: -1347.745} blips/grocery.png Grocery Store 2
{x: 1135.635, y: -982.853} blips/grocery.png Grocery Store 3
{x: -707.327, y: -914.598} blips/grocery.png Grocery Store 4
{x: -1222.246, y: -906.857} blips/grocery.png Grocery Store 5
{x: -1487.565, y: -378.791} blips/grocery.png Grocery Store 6
{x: 1163.697, y: -323.934} blips/grocery.png Grocery Store 7
{x: 373.516, y: 325.424} blips/grocery.png Grocery Store 8
{x: 2557.965, y: 381.956} blips/grocery.png Grocery Store 9
{x: -2967.745, y: 391.596} blips/grocery.png Grocery Store 10
{x: -3038.677, y: 585.864} blips/grocery.png Grocery Store 11
{x: -1820.334, y: 792.673} blips/grocery.png Grocery Store 12
{x: -3241.437, y: 1001.090} blips/grocery.png Grocery Store 13
{x: 547.780, y: 2671.899} blips/grocery.png Grocery Store 14
{x: 1165.345, y: 2709.428} blips/grocery.png Grocery Store 15
{x: 2679.257, y: 3280.062} blips/grocery.png Grocery Store 16
{x: 1393.754, y: 3605.459} blips/grocery.png Grocery Store 17
{x: 1961.459, y: 3739.965} blips/grocery.png Grocery Store 18
{x: 1697.908, y: 4924.457} blips/grocery.png Grocery Store 19
{x: 1728.593, y: 6414.066} blips/grocery.png Grocery Store 20

// Impound lot
{x: 398.637, y: -1641.297} blips/impound.png Impound lot 1
{x: 1613.657, y: 3782.110} blips/impound.png Impound lot 2
{x: -279.653, y: 6130.602} blips/impound.png Impound lot 3
{x: -191, y: -1168} blips/impound.png Impound lot 4

// Medical
{x: -247.358, y: 6331.569} blips/medical.png Paleto Bay Clinic
{x: -472, y: -336} blips/medical.png Mount Zonah Medical Center
{x: 1150.602, y: -1530.250} blips/medical.png St. Fiacre Hospital
{x: 1837, y: 3676} blips/medical.png Sandy Shores Medical Center
{x: 4926, y: -5273} blips/medical.png Cayo Perico Medical Station

// Police
{x: 434.387, y: -981.917} blips/police.png Mission Row Police Station
{x: 638.176, y: 1.899} blips/police.png Vinewood Police Station
{x: 1855.398, y: 3683.248} blips/police.png Sandy Shores Sheriff's Station
{x: -443.182, y: 6016.523} blips/police.png Paleto Bay Sheriff's Office
{x: 360.804, y: -1584.620} blips/police.png Davis Sheriff's Station
{x: -561.930, y: -130.840} blips/police.png Rockford Hills Police Headquarters
{x: 827.433, y: -1290.013} blips/police.png La Mesa Police Station
{x: 379.160, y: 792.422} blips/police.png Beaver Bush Ranger Station
{x: -1632.290, y: -1015.622} blips/police.png Del Perro Police Station
{x: 2534.334, y: -384.501} blips/police.png N.O.O.S.E. Headquarters

// Police Sea HQ
{x: -800.281, y: -1512.382} blips/sea_hq.png Police Sea HQ

// Sunken Ship
{x: 3173.842, y: -357.798} blips/sunken_ship.png Sunken Ship

// Bolingbroke Penitentiary
{x: 1689.152, y: 2605.411} blips/prison.png Bolingbroke Penitentiary

// Repair Shop
{x: -26.413, y: -1672.127} blips/repair.png Mosley's Repair Shop
{x: 1769.710, y: 3330.343} blips/repair.png Flywheels Repair Shop
{x: 961.477, y: -106.233} blips/repair.png LostMC Repair Shop
{x: -1421.209, y: -439.978} blips/repair.png Hayes Repair Shop
{x: -1145.710, y: -1990.906} blips/repair.png Second Gear Repair Shop
{x: 1178.624, y: 2644.365} blips/repair.png Harmony Repair Shop
{x: 37.042, y: 6463.886} blips/repair.png SOL Repair Shop

// Los Santos Customs
{x: -337.398, y: -136.932} blips/customs.png Los Santos Customs 1
{x: 733.688, y: -1088.743} blips/customs.png Los Santos Customs 2
{x: -1155.086, y: -2006.611} blips/customs.png Los Santos Customs 3
{x: 1174.813, y: 2637.798} blips/customs.png Los Santos Customs 4
{x: 108.831, y: 6628.444} blips/customs.png Los Santos Customs 5
{x: -212.374, y: -1325.499} blips/customs.png Los Santos Customs 6
{x: -34.549, y: -1053.152} blips/customs.png Los Santos Customs 7

// Premium Deluxe Motorsport
{x: -32.374, y: -1114.879} blips/dealership.png Premium Deluxe Motorsport

// Exclusive Dealership
{x: -75, y: -819} blips/edm.png Exclusive Dealership

// Jewelry Store
{x: -630.501, y: -237.138} blips/jewelry.png Jewelry Store

// Yoga
{x: -1494.119, y: 829.398} blips/yoga.png Yoga

//Midnight Tuner Shop
{x: 933.310, y: -971.380} blips/mtc.png Midnight Tuner Club

// Bean Machine
{x: -619, y: 234} blips/bean.png Bean Machine

// Burger Shot
{x: -1185, y: -890} blips/burger_shop.png Burger Bar

//Cayo Markers

// Island Bar
{x: 4905, y: -4941} blips/island_bar.png Island Bar

// Island Store
{x: 4505, y: -4520} blips/island_store.png Burger Bar

// Burger Bar
{x: 4505, y: -4520} blips/burger_bar.png Burger Bar
